// Jest Snapshot v1, https://goo.gl/fbAQLP

exports[`<PlayerSummaryCard /> should render and match the snapshot 1`] = `
<WithStyles(ForwardRef(Grid))
  item={true}
  md={4}
  sm={6}
  xs={12}
>
  <WithStyles(ForwardRef(Card))
    className="makeStyles-card-1"
  >
    <WithStyles(ForwardRef(CardMedia))
      className="makeStyles-cardMedia-2"
      image="https://encrypted-tbn0.gstatic.com/images?q=tbn%3AANd9GcT3JvT2n7sHUoBw9QqyV-KlwYHfKphD4y0thI9k_iJsyeKmWwcZ&usqp=CAU"
      title="Image title"
    />
    <WithStyles(ForwardRef(CardContent))
      className="makeStyles-cardContent-3"
    >
      <WithStyles(ForwardRef(Typography))
        component="h2"
        gutterBottom={true}
        variant="h5"
      >
        Lothar Picco
      </WithStyles(ForwardRef(Typography))>
      <WithStyles(ForwardRef(Typography))>
        Braided long beard with charms with runes
      </WithStyles(ForwardRef(Typography))>
    </WithStyles(ForwardRef(CardContent))>
    <WithStyles(ForwardRef(CardActions))>
      <WithStyles(ForwardRef(Button))
        color="primary"
        href="/player/1"
        size="small"
      >
        <FormattedMessage
          defaultMessage="View"
          id="merp.HomePage.view-button"
          values={Object {}}
        />
      </WithStyles(ForwardRef(Button))>
      <WithStyles(ForwardRef(Button))
        color="primary"
        href="/player/1/edit"
        size="small"
      >
        <FormattedMessage
          defaultMessage="Edit"
          id="merp.HomePage.edit-button"
          values={Object {}}
        />
      </WithStyles(ForwardRef(Button))>
    </WithStyles(ForwardRef(CardActions))>
  </WithStyles(ForwardRef(Card))>
</WithStyles(ForwardRef(Grid))>
`;
