// Jest Snapshot v1, https://goo.gl/fbAQLP

exports[`getPlayersDetail Saga should call the playerDetailsLoadingError action if the response errors 1`] = `
Object {
  "@@redux-saga/IO": true,
  "combinator": false,
  "payload": Object {
    "args": Array [
      "/mockPlayer/1",
    ],
    "context": null,
    "fn": [Function],
  },
  "type": "CALL",
}
`;

exports[`getPlayersDetail Saga should dispatch the playerDetailsLoaded action if it requests the data successfully 1`] = `
Object {
  "@@redux-saga/IO": true,
  "combinator": false,
  "payload": Object {
    "args": Array [
      "/mockPlayer/1",
    ],
    "context": null,
    "fn": [Function],
  },
  "type": "CALL",
}
`;
